Gtk-Message: 10:33:51.634: Failed to load module "gail"
Gtk-Message: 10:33:51.662: Failed to load module "gail"
正在现有的浏览器会话中打开。
Fontconfig error: Cannot load default config file
正在现有的浏览器会话中打开。
正在现有的浏览器会话中打开。
